src/app.controller.spec.ts(2,10): error TS2459: Module '"./app.controller"' declares 'AppController' locally, but it is not exported.
src/app.controller.spec.ts(3,10): error TS2459: Module '"./app.service"' declares 'AppService' locally, but it is not exported.
src/app.controller.ts(2,10): error TS2459: Module '"./app.service"' declares 'AppService' locally, but it is not exported.
src/app.module.ts(2,10): error TS2459: Module '"./app.controller"' declares 'AppController' locally, but it is not exported.
src/app.module.ts(3,10): error TS2459: Module '"./app.service"' declares 'AppService' locally, but it is not exported.
src/app.module.ts(4,10): error TS2459: Module '"./providers/providers.module"' declares 'ProvidersModule' locally, but it is not exported.
src/app.module.ts(5,10): error TS2459: Module '"./memory/memory.module"' declares 'MemoryModule' locally, but it is not exported.
src/app.module.ts(6,10): error TS2459: Module '"./core/mcp-server/mcp-server.service"' declares 'McpServerService' locally, but it is not exported.
src/core/mcp-server/mcp-server.service.spec.ts(2,10): error TS2459: Module '"./mcp-server.service"' declares 'McpServerService' locally, but it is not exported.
src/EasyMCP.ts(4,10): error TS2459: Module '"./app.module"' declares 'AppModule' locally, but it is not exported.
src/EasyMCP.ts(6,10): error TS2459: Module '"./core/mcp-server/mcp-server.service"' declares 'McpServerService' locally, but it is not exported.
src/main.ts(2,10): error TS2459: Module '"./app.module"' declares 'AppModule' locally, but it is not exported.
src/memory/firestore-memory/firestore-memory.service.spec.ts(2,10): error TS2459: Module '"./firestore-memory.service"' declares 'FirestoreMemoryService' locally, but it is not exported.
src/memory/memory.module.ts(2,10): error TS2459: Module '"./firestore-memory/firestore-memory.service"' declares 'FirestoreMemoryService' locally, but it is not exported.
src/memory/memory.module.ts(3,10): error TS2724: '"./vectordb/vectordb.service"' has no exported member named 'VectordbService'. Did you mean 'VectorDBService'?
src/memory/vectordb/vectordb.service.spec.ts(2,10): error TS2724: '"./vectordb.service"' has no exported member named 'VectordbService'. Did you mean 'VectorDBService'?
src/memory/vectordb/vectordb.service.ts(5,27): error TS2307: Cannot find module '../config/mcp-config.interface' or its corresponding type declarations.
src/memory/vectordb/vectordb.service.ts(6,34): error TS2307: Cannot find module '../provider/Embedding.service' or its corresponding type declarations.
src/session/firestore-memory.service.ts(3,27): error TS2307: Cannot find module 'firebase/app' or its corresponding type declarations.
test/app.e2e-spec.ts(5,10): error TS2459: Module '"./../src/app.module"' declares 'AppModule' locally, but it is not exported.
